Job ID: 3824975
Running on node: hyperion-182.sw.ehu.es
Starting time: Thu Nov 27 16:39:17 CET 2025
GPU assigned: 0
Working directory: /scratch/aitordiez/News2Stock/summaries/transformer_fasttext
Starting Transformer FastText training...
Device: cuda
Loading all news data (excluding Apple)...
Looking for files in: /scratch/aitordiez/News2Stock/data/news/summarized
  Loaded amazon: 12391 articles
  Loaded google: 13341 articles
  Loaded meta: 15187 articles
  Loaded microsoft: 12932 articles
  Loaded nvidia: 10215 articles
  Loaded tesla: 27131 articles

Total data (excluding Apple): 91197 articles
Training data: 72957 articles (80%)
Validation data: 18240 articles (20%)

Loading Apple news for testing...
Total test data (Apple): 24208 articles

Loading FastText model for word embeddings...
Loading FastText model from /scratch/aitordiez/News2Stock/models/cc.en.300.bin...
FastText model loaded. Dimension: 300
FastText word embeddings ready!

================================================================================
TESTING MODEL ON APPLE NEWS
================================================================================

Test Loss (Apple): 3.2227

--------------------------------------------------------------------------------
GENERATING SUMMARIES FOR APPLE NEWS
--------------------------------------------------------------------------------

[Sample 1]
Original Text: Jim Kelleher of Argus Research wrote in a note on Friday that Apple Inc. (NASDAQ: AAPL ) is expected to report “strong” first quarter results due to t...
True Summary: Apple to report “strong” first quarter results, analyst says. Shares reiterated with a $125 price target boosted to a previous $120: Argus Research. “ Seasonal strength” is likely to continue for the next two years, the firm says . tmsnrt is reiterating its Buy rating on the stock, but raising its target to $125 from $113 in June.. tout iPhone 6 and 6 Plus sales, seasonality
Generated Summary: analysts at says. apple is expected to report its second-quarter earnings on tuesday, with analysts expecting a profit of billion.

[Sample 2]
Original Text: Quartz recently polled 811 smartphone users living in the U.S. asking their intentions to buy Apple Inc.'s (NASDAQ: AAPL ) upcoming Apple Watch produc...
True Summary: Only 2.2 percent of iPhone owners surveyed are ‘extremely likely’ to buy one.Quartz poll also suggests price, face-to-face sales to be key issues.s. Apple Watch is expected to start selling at $350 in U.S., but cost may be a problem for tech giant. to see one in person: Quartz.tumblr.com, natching up some of the data
Generated Summary: apple to offer free cash to apple has been working on a for some time to come in the u.s., but it may be a

[Sample 3]
Original Text: Earlier this week, Nielsen SoundScan released data showing that US consumers purchased and downloaded 12 percent fewer songs in 2014 compared to a yea...
True Summary: Online streaming has become a growing trend in the music industry. Spotify is expected to go public some time in 2015, with a valuation of around $10 billion. (No word yet on whether Apple will follow suit) Google, Apple and Pandora all look to be on the verge of growth next year., but are they ready to take on bigger players?, in their own right.. .
Generated Summary: streaming giant is all have

[Sample 4]
Original Text: Apple Inc. (NASDAQ: AAPL ) shares are trading lower by $1.34 at $109.04 in Friday's session.  It is well off its lows for the session ($107.35), which...
True Summary: Shares are well off their lows for the session at $107.35. Apple reported better-than-expected fourth-quarter earnings on Thursday, but sales fell short of analysts' expectations. Meantime, the iPhone maker is expected to unveil new Macs in the next few weeks, possibly as early as next week. ''It's not a good time to sell,' says analyst
Generated Summary: shares of the world's largest software company are trading higher by more than 5% in tuesday's session. the stock has been trading in a narrow range since the start of the year, but is still trading below its 50-day moving average for the first time in more than a year. the stock is trading near its lowest level in more than a decade

[Sample 5]
Original Text: http://www.apple.com/watch/

http://www.apple.com/uk/watch/...
True Summary: Watch the unboxing of Apple's new iPhone 6 Plus in black, white, silver and rose gold. The device is due to be released in the US, Europe and Australia in September.. 888-738-5526 888-738-5526 in London, New York, San Francisco, Los Angeles, Chicago, Dallas, Austin, Miami, Phoenix, Seattle, and San Franciscans, among other cities, as well as in some countries
Generated Summary: tesla unveils new model 3 in china, where it has a range of up to 300 miles per hour in the u.s., but it is still a long way from being a to the bbc news youtube channel for more news and analysis: follow us on twitter at

✓ Saved 24208 generated summaries to /scratch/aitordiez/News2Stock/data/news/inference/apple_news_transformer_fasttext.parquet

================================================================================
TESTING COMPLETE
================================================================================
Training completed successfully!
Ending time: Thu Nov 27 21:13:28 CET 2025
Job finished at: Thu Nov 27 21:13:28 CET 2025
